Resolving dependencies...
Downloading packages...
  hooks 2.0.2 (2.1.0 available)
  matcher 0.12.19 (0.12.20 available)
  meta 1.18.0 (1.19.0 available)
  package_info_plus 8.3.1 (10.2.1 available)
  package_info_plus_platform_interface 3.2.1 (4.1.0 available)
  qr 3.0.2 (4.0.0 available)
  record_use 0.6.0 (1.0.0 available)
  test_api 0.7.11 (0.7.13 available)
  timezone 0.10.1 (0.11.1 available)
  vector_math 2.2.0 (2.4.2 available)
  win32 5.15.0 (6.3.0 available)
Got dependencies!
11 packages have newer versions incompatible with dependency constraints.
Try `flutter pub outdated` for more information.
00:00 +0: loading C:/Users/Brice/OneDrive/Documents/swift_document_generator/mobile/test/logo_finder_win_hour_companion_test.dart
00:00 +0: companion Find logo for Windows hour QA companies
GeminiClient failed after retries: HTTP 429
{"company":"Mastec Purnell","ok":true,"count":11,"ms":25773,"error":null,"top":[{"score":197,"source":"Site scrape (mastec.com)","url":"https://mastec.com/Images/_98_9aa57b75-cc3a-4084-8be6-d206a123ee66.png","bytes":11126,"path":"../qa_logs/win_logo_hour/images/r1fix_mastec_purnell_0.png","hint":""},{"score":197,"source":"Site scrape (mastec.com)","url":"https://mastec.com/Images/_98_ed765b79-9a28-4102-92ae-23439623e38e.png","bytes":60473,"path":"../qa_logs/win_logo_hour/images/r1fix_mastec_purnell_1.png","hint":""},{"score":191,"source":"Site scrape (mastec.com)","url":"https://mastec.com/Images/_98_c52bbcd2-f8b1-451a-909a-3c28b4be218e.png","bytes":2976,"path":"../qa_logs/win_logo_hour/images/r1fix_mastec_purnell_2.png","hint":""},{"score":191,"source":"Site scrape (mastec.com)","url":"https://mastec.com/Images/_98_0c4195f2-3033-4364-aa66-af9c5a571b7c.png","bytes":3416,"path":"../qa_logs/win_logo_hour/images/r1fix_mastec_purnell_3.png","hint":""}]}
{"company":"Shell","ok":true,"count":4,"ms":24608,"error":null,"top":[{"score":306,"source":"Known brand logo","url":"https://brandslogos.com/wp-content/uploads/images/large/shell-logo.png","bytes":120349,"path":"../qa_logs/win_logo_hour/images/r1fix_shell_0.png","hint":""},{"score":306,"source":"Known brand logo","url":"https://1000logos.net/wp-content/uploads/2017/06/Shell-Logo.png","bytes":217768,"path":"../qa_logs/win_logo_hour/images/r1fix_shell_1.png","hint":""},{"score":64,"source":"Google Favicon (shell.com)","url":"https://www.google.com/s2/favicons?sz=256&domain_url=shell.com","bytes":8904,"path":"../qa_logs/win_logo_hour/images/r1fix_shell_2.png","hint":"Low-resolution favicon — upload a better logo if needed."},{"score":38,"source":"Bing Images","url":"https://quals.ai/wp-content/uploads/2024/09/shell-logo.png.webp","bytes":2538,"path":"../qa_logs/win_logo_hour/images/r1fix_shell_3.webp","hint":""}]}
{"company":"Flint Energy","ok":true,"count":7,"ms":25471,"error":null,"top":[{"score":207,"source":"Site scrape (flintcorp.com)","url":"https://flintcorp.com/wp-content/uploads/2023/02/flint-logo.webp","bytes":16384,"path":"../qa_logs/win_logo_hour/images/r1fix_flint_energy_0.webp","hint":""},{"score":207,"source":"Site scrape (flintcorp.com)","url":"https://flintcorp.com/wp-content/uploads/2022/10/flint-logo-v.webp","bytes":25878,"path":"../qa_logs/win_logo_hour/images/r1fix_flint_energy_1.webp","hint":""},{"score":207,"source":"Site scrape (flintcorp.com)","url":"https://flintcorp.com/wp-content/uploads/2023/02/flint-logo-white.webp","bytes":16350,"path":"../qa_logs/win_logo_hour/images/r1fix_flint_energy_2.webp","hint":""},{"score":204,"source":"Site scrape (flintcorp.com)","url":"https://flintcorp.com/wp-content/uploads/2024/03/flint_og_logo.jpg","bytes":80261,"path":"../qa_logs/win_logo_hour/images/r1fix_flint_energy_3.jpg","hint":""}]}
{"company":"Strike Group","ok":true,"count":15,"ms":25521,"error":null,"top":[{"score":289,"source":"Site scrape (strikegroup.ca)","url":"https://www.strikegroup.ca/wp-content/themes/truemarket/assets/dist/images/StrikeGroup-Logo.png","bytes":25885,"path":"../qa_logs/win_logo_hour/images/r1fix_strike_group_0.png","hint":""},{"score":255,"source":"Site scrape (strikegroup.ca)","url":"https://www.strikegroup.ca/wp-content/themes/truemarket/assets/dist/images/logo-best-managed-companies.png","bytes":7270,"path":"../qa_logs/win_logo_hour/images/r1fix_strike_group_1.png","hint":""},{"score":120,"source":"Bing Images","url":"https://strikegroupsecurityservices.com/wp-content/uploads/2017/12/strikelogo.png","bytes":5842,"path":"../qa_logs/win_logo_hour/images/r1fix_strike_group_2.webp","hint":""},{"score":94,"source":"Google Favicon (strikegroup.ca)","url":"https://www.google.com/s2/favicons?sz=256&domain_url=strikegroup.ca","bytes":2736,"path":"../qa_logs/win_logo_hour/images/r1fix_strike_group_3.png","hint":"Low-resolution favicon — upload a better logo if needed."}]}
