SESSION 2026-08-06 12:41:30 AM
=== Sureus Murphy 00:41:30 ===
  -> ok=True search=Enter; chooseLogo=True; 
=== BFL 00:41:50 ===
  -> ok=True search=Enter; chooseLogo=True; 
=== Whitecap 00:42:09 ===
  -> ok=True search=Enter; chooseLogo=True; 
=== Arjae Design Solutions 00:42:28 ===
  -> ok=True search=Enter; chooseLogo=True; 
=== Paramount Resources 00:42:48 ===
  -> ok=True search=Enter; chooseLogo=True; 
=== Suncor 00:43:08 ===
  -> ok=True search=Enter; chooseLogo=True; 
=== Warren Valve 00:43:27 ===
  -> ok=True search=Enter; chooseLogo=True; 
=== Shell 00:43:47 ===
  -> ok=True search=Enter; chooseLogo=True; 
=== ATCO 00:44:07 ===
  -> ok=True search=Enter; chooseLogo=True; 
=== EPCOR 00:44:26 ===
  -> ok=True search=Enter; chooseLogo=True; 
=== Arc Resources LTD 00:44:46 ===
  -> ok=True search=Enter; chooseLogo=True; 
=== DNOW 00:45:06 ===
  -> ok=True search=Enter; chooseLogo=True; 
DONE PASS 12/12
